208 images under data/Calibration/18_Sep/Rigframes, size (1280, 720)
starting from preset 'wide'; board params errorCorrectionRate=1.0, markerBorderBits=2
at most 14560 tags are on the board across these images; candidates over 0.50% wrong detections are refused

start:   4053 tags    91 images      2 bad (0.05%)    4.2s   adaptiveThreshWinSizeMax=53, adaptiveThreshWinSizeMin=3, adaptiveThreshWinSizeStep=5, minOtsuStdDev=2.0

===== round 1 =====
  adaptiveThreshWinSizeMin = 3        4053 tags    91 images      2 bad (0.05%)    4.2s 
  adaptiveThreshWinSizeMin = 5        4128 tags    91 images      0 bad (0.00%)    4.1s *
  adaptiveThreshWinSizeMin = 7        4074 tags    92 images      0 bad (0.00%)    4.1s 
  adaptiveThreshWinSizeMin = 9        3968 tags    89 images      1 bad (0.03%)    3.8s 
  adaptiveThreshWinSizeMin = 13       3799 tags    87 images      1 bad (0.03%)    3.6s 
  -> adaptiveThreshWinSizeMin: 3 -> 5 (+75 tags)
  adaptiveThreshWinSizeMax = 23       3933 tags    90 images      0 bad (0.00%)    2.7s 
  adaptiveThreshWinSizeMax = 33       4030 tags    90 images      0 bad (0.00%)    3.1s 
  adaptiveThreshWinSizeMax = 43       4082 tags    91 images      0 bad (0.00%)    3.7s 
  adaptiveThreshWinSizeMax = 53       4128 tags    91 images      0 bad (0.00%)    4.1s 
  adaptiveThreshWinSizeMax = 63       4164 tags    91 images      0 bad (0.00%)    4.1s *
  adaptiveThreshWinSizeMax = 83       4243 tags    94 images      1 bad (0.02%)    4.6s *
  -> adaptiveThreshWinSizeMax: 53 -> 83 (+115 tags)
  adaptiveThreshWinSizeStep = 2        4360 tags    99 images      2 bad (0.05%)    9.2s *
  adaptiveThreshWinSizeStep = 4        4294 tags    97 images      1 bad (0.02%)    5.6s 
  adaptiveThreshWinSizeStep = 5        4243 tags    94 images      1 bad (0.02%)    4.6s 
  adaptiveThreshWinSizeStep = 8        4153 tags    92 images      0 bad (0.00%)    4.0s 
  adaptiveThreshWinSizeStep = 10       4078 tags    91 images      1 bad (0.02%)    3.6s 
  adaptiveThreshWinSizeStep = 14       3971 tags    90 images      2 bad (0.05%)    3.3s 
  -> adaptiveThreshWinSizeStep: 5 -> 2 (+117 tags)
  adaptiveThreshConstant = 3        4045 tags   103 images      3 bad (0.07%)    8.2s 
  adaptiveThreshConstant = 5        4400 tags   101 images      2 bad (0.05%)    8.9s *
  adaptiveThreshConstant = 7        4360 tags    99 images      2 bad (0.05%)    9.2s 
  adaptiveThreshConstant = 9        4102 tags    94 images      1 bad (0.02%)    9.2s 
  adaptiveThreshConstant = 12       3557 tags    85 images      1 bad (0.03%)    8.3s 
  -> adaptiveThreshConstant: None -> 5 (+40 tags)
  minOtsuStdDev = 0.0      4400 tags   101 images      2 bad (0.05%)    9.0s 
  minOtsuStdDev = 1.0      4400 tags   101 images      2 bad (0.05%)    8.4s 
  minOtsuStdDev = 2.0      4400 tags   101 images      2 bad (0.05%)    8.9s 
  minOtsuStdDev = 3.0      4397 tags   101 images      2 bad (0.05%)    9.4s 
  minOtsuStdDev = 5.0      4185 tags    94 images      1 bad (0.02%)    8.7s 
  minMarkerPerimeterRate = 0.005    4400 tags   101 images      2 bad (0.05%)   21.0s 
  minMarkerPerimeterRate = 0.01     4400 tags   101 images      2 bad (0.05%)   11.8s 
  minMarkerPerimeterRate = 0.02     4400 tags   101 images      2 bad (0.05%)   10.6s 
  minMarkerPerimeterRate = 0.03     4400 tags   101 images      2 bad (0.05%)    8.8s 
  maxMarkerPerimeterRate = 4.0      4400 tags   101 images      2 bad (0.05%)    9.4s 
  maxMarkerPerimeterRate = 8.0      4400 tags   101 images      2 bad (0.05%)    8.7s 
  polygonalApproxAccuracyRate = 0.01     3427 tags    82 images      0 bad (0.00%)    4.4s 
  polygonalApproxAccuracyRate = 0.03     4400 tags   101 images      2 bad (0.05%)    9.5s 
  polygonalApproxAccuracyRate = 0.05     4415 tags   101 images      2 bad (0.05%)   14.1s *
  polygonalApproxAccuracyRate = 0.08     4439 tags   100 images      3 bad (0.07%)   18.8s *
  -> polygonalApproxAccuracyRate: None -> 0.08 (+39 tags)
  minCornerDistanceRate = 0.0      4439 tags   100 images      3 bad (0.07%)   19.0s 
  minCornerDistanceRate = 0.05     4439 tags   100 images      3 bad (0.07%)   18.7s 
  minCornerDistanceRate = 0.1      4437 tags   100 images      3 bad (0.07%)   18.1s 
  minMarkerDistanceRate = 0.0      4365 tags   101 images  48467 bad (91.74%)   30.4s REJECTED
  minMarkerDistanceRate = 0.05     4436 tags   100 images    580 bad (11.56%)   19.6s REJECTED
  minMarkerDistanceRate = 0.1      4440 tags   100 images      3 bad (0.07%)   19.2s *
  -> minMarkerDistanceRate: None -> 0.1 (+1 tags)
  perspectiveRemovePixelPerCell = 4        4440 tags   100 images      3 bad (0.07%)   19.1s 
  perspectiveRemovePixelPerCell = 8        4896 tags   111 images      9 bad (0.18%)   19.2s *
  perspectiveRemovePixelPerCell = 12       4880 tags   111 images     21 bad (0.43%)   19.4s 
  perspectiveRemovePixelPerCell = 16       4929 tags   113 images     19 bad (0.38%)   19.4s *
  -> perspectiveRemovePixelPerCell: None -> 16 (+489 tags)
  perspectiveRemoveIgnoredMarginPerCell = 0.13     4929 tags   113 images     19 bad (0.38%)   19.4s 
  perspectiveRemoveIgnoredMarginPerCell = 0.2      5064 tags   114 images     16 bad (0.31%)   19.5s *
  perspectiveRemoveIgnoredMarginPerCell = 0.33     5074 tags   112 images     15 bad (0.29%)   19.2s *
  -> perspectiveRemoveIgnoredMarginPerCell: None -> 0.33 (+145 tags)
  maxErroneousBitsInBorderRate = 0.35     5074 tags   112 images     15 bad (0.29%)   19.3s 
  maxErroneousBitsInBorderRate = 0.5      5180 tags   116 images     24 bad (0.46%)   20.1s *
  maxErroneousBitsInBorderRate = 0.75     5178 tags   116 images     41 bad (0.79%)   21.6s REJECTED
  -> maxErroneousBitsInBorderRate: None -> 0.5 (+106 tags)
===== round 2 =====
  adaptiveThreshWinSizeMin = 3        5195 tags   116 images     24 bad (0.46%)   20.3s *
  adaptiveThreshWinSizeMin = 5        5180 tags   116 images     24 bad (0.46%)   20.1s 
  adaptiveThreshWinSizeMin = 7        5072 tags   116 images     21 bad (0.41%)   19.5s 
  adaptiveThreshWinSizeMin = 9        4987 tags   111 images     21 bad (0.42%)   19.0s 
  adaptiveThreshWinSizeMin = 13       4706 tags   109 images     20 bad (0.42%)   17.4s 
  -> adaptiveThreshWinSizeMin: 5 -> 3 (+15 tags)
  adaptiveThreshWinSizeMax = 23       4846 tags   110 images     15 bad (0.31%)    5.8s 
  adaptiveThreshWinSizeMax = 33       4935 tags   111 images     19 bad (0.38%)    7.9s 
  adaptiveThreshWinSizeMax = 43       5006 tags   112 images     21 bad (0.42%)    9.8s 
  adaptiveThreshWinSizeMax = 53       5055 tags   113 images     22 bad (0.43%)   12.0s 
  adaptiveThreshWinSizeMax = 63       5105 tags   114 images     23 bad (0.45%)   14.7s 
  adaptiveThreshWinSizeMax = 83       5195 tags   116 images     24 bad (0.46%)   20.3s 
  adaptiveThreshWinSizeStep = 2        5195 tags   116 images     24 bad (0.46%)   20.3s 
  adaptiveThreshWinSizeStep = 4        5069 tags   115 images     16 bad (0.31%)    9.8s 
  adaptiveThreshWinSizeStep = 5        4996 tags   113 images     17 bad (0.34%)    8.0s 
  adaptiveThreshWinSizeStep = 8        4815 tags   110 images     14 bad (0.29%)    6.3s 
  adaptiveThreshWinSizeStep = 10       4679 tags   109 images     12 bad (0.26%)    5.5s 
  adaptiveThreshWinSizeStep = 14       4402 tags   106 images     10 bad (0.23%)    4.5s 
  adaptiveThreshConstant = 3        5202 tags   118 images     21 bad (0.40%)   18.8s *
  adaptiveThreshConstant = 5        5195 tags   116 images     24 bad (0.46%)   20.3s 
  adaptiveThreshConstant = 7        4920 tags   110 images     18 bad (0.36%)   20.6s 
  adaptiveThreshConstant = 9        4511 tags   102 images     10 bad (0.22%)   19.1s 
  adaptiveThreshConstant = 12       3799 tags    92 images      8 bad (0.21%)   16.6s 
  -> adaptiveThreshConstant: 5 -> 3 (+7 tags)
  minOtsuStdDev = 0.0      5207 tags   118 images     25 bad (0.48%)   17.7s *
  minOtsuStdDev = 1.0      5207 tags   118 images     23 bad (0.44%)   17.8s *
  minOtsuStdDev = 2.0      5202 tags   118 images     21 bad (0.40%)   18.8s 
  minOtsuStdDev = 3.0      5159 tags   116 images     16 bad (0.31%)   18.5s 
  minOtsuStdDev = 5.0      4625 tags   104 images     10 bad (0.22%)   17.5s 
  -> minOtsuStdDev: 2.0 -> 1.0 (+5 tags)
  minMarkerPerimeterRate = 0.005    5208 tags   118 images     61 bad (1.16%)  2053.6s REJECTED
  minMarkerPerimeterRate = 0.01     5206 tags   118 images     61 bad (1.16%)  166.3s REJECTED
  minMarkerPerimeterRate = 0.02     5210 tags   118 images     26 bad (0.50%)   33.2s *
  minMarkerPerimeterRate = 0.03     5207 tags   118 images     23 bad (0.44%)   18.2s 
  -> minMarkerPerimeterRate: None -> 0.02 (+3 tags)
  maxMarkerPerimeterRate = 4.0      5210 tags   118 images     26 bad (0.50%)   33.2s 
  maxMarkerPerimeterRate = 8.0      5210 tags   118 images     26 bad (0.50%)   33.2s 
  polygonalApproxAccuracyRate = 0.01     3156 tags    85 images      0 bad (0.00%)    4.5s 
  polygonalApproxAccuracyRate = 0.03     4750 tags   112 images     14 bad (0.29%)    9.5s 
  polygonalApproxAccuracyRate = 0.05     5054 tags   116 images     19 bad (0.37%)   19.9s 
  polygonalApproxAccuracyRate = 0.08     5210 tags   118 images     26 bad (0.50%)   33.2s 
  minCornerDistanceRate = 0.0      5210 tags   118 images     26 bad (0.50%)   33.2s 
  minCornerDistanceRate = 0.05     5210 tags   118 images     26 bad (0.50%)   33.1s 
  minCornerDistanceRate = 0.1      5207 tags   118 images     25 bad (0.48%)   32.6s 
  minMarkerDistanceRate = 0.0      5061 tags   118 images  52056 bad (91.14%)   52.7s REJECTED

[exited with code 144]
